{
  "recorded_at_utc": "2026-09-17T12:13:36.125574+00:00",
  "environment": {
    "platform": "Windows-10-10.0.26100-SP0",
    "python": "3.11.5",
    "logical_cpus": 16
  },
  "config": {
    "api_url": "http://127.0.0.1:8000",
    "mode": "recognize",
    "requests": 100,
    "concurrency": 100,
    "task_deadline_seconds": 210.0,
    "image_name": "balloon-empty.jpg",
    "image_bytes": 1103648,
    "api_pid": 39812
  },
  "elapsed_seconds": 7.91,
  "submissions": {
    "accepted_202": 2,
    "rejected_429": 98,
    "other_http_statuses": {},
    "error_codes": {
      "UPLOAD_BUSY": 98
    },
    "transport_errors": {},
    "latency": {
      "count": 100,
      "p50_ms": 438.0,
      "p95_ms": 563.75,
      "max_ms": 703.0
    }
  },
  "tasks": {
    "final_statuses": {
      "succeeded": 2
    },
    "outcomes": {
      "draft": 2
    },
    "poll_errors": {},
    "end_to_end_latency": {
      "count": 2,
      "p50_ms": 7781.5,
      "p95_ms": 7823.35,
      "max_ms": 7828.0
    }
  },
  "health": {
    "samples": 15,
    "statuses": {
      "200": 15
    },
    "latency": {
      "count": 15,
      "p50_ms": 16.0,
      "p95_ms": 155.9,
      "max_ms": 375.0
    }
  },
  "process_tree": {
    "pid": 39812,
    "samples": 28,
    "peak_summed_rss_bytes": 614674432,
    "peak_observed_cpu_percent_one_core": 218.75,
    "observed_cpu_seconds": 14.031,
    "sampling_errors": {},
    "method": "RSS sums each live process and can double-count shared pages; short peaks, CPU before a new child first appears, and CPU of children exiting between samples may be missed."
  },
  "request_results": [
    {
      "index": 0,
      "submit_status": 202,
      "submit_ms": 703.0,
      "submit_error_code": null,
      "transport_error": null,
      "final_status": "succeeded",
      "outcome": "draft",
      "end_to_end_ms": 7828.0,
      "poll_error": null
    },
    {
      "index": 1,
      "submit_status": 202,
      "submit_ms": 625.0,
      "submit_error_code": null,
      "transport_error": null,
      "final_status": "succeeded",
      "outcome": "draft",
      "end_to_end_ms": 7735.0,
      "poll_error": null
    },
    {
      "index": 2,
      "submit_status": 429,
      "submit_ms": 391.0,
      "submit_error_code": "UPLOAD_BUSY",
      "transport_error": null,
      "final_status": null,
      "outcome": null,
      "end_to_end_ms": null,
      "poll_error": null
    },
    {
      "index": 3,
      "submit_status": 429,
      "submit_ms": 375.0,
      "submit_error_code": "UPLOAD_BUSY",
      "transport_error": null,
      "final_status": null,
      "outcome": null,
      "end_to_end_ms": null,
      "poll_error": null
    },
    {
      "index": 4,
      "submit_status": 429,
      "submit_ms": 391.0,
      "submit_error_code": "UPLOAD_BUSY",
      "transport_error": null,
      "final_status": null,
      "outcome": null,
      "end_to_end_ms": null,
      "poll_error": null
    },
    {
      "index": 5,
      "submit_status": 429,
      "submit_ms": 375.0,
      "submit_error_code": "UPLOAD_BUSY",
      "transport_error": null,
      "final_status": null,
      "outcome": null,
      "end_to_end_ms": null,
      "poll_error": null
    },
    {
      "index": 6,
      "submit_status": 429,
      "submit_ms": 375.0,
      "submit_error_code": "UPLOAD_BUSY",
      "transport_error": null,
      "final_status": null,
      "outcome": null,
      "end_to_end_ms": null,
      "poll_error": null
    },
    {
      "index": 7,
      "submit_status": 429,
      "submit_ms": 375.0,
      "submit_error_code": "UPLOAD_BUSY",
      "transport_error": null,
      "final_status": null,
      "outcome": null,
      "end_to_end_ms": null,
      "poll_error": null
    },
    {
      "index": 8,
      "submit_status": 429,
      "submit_ms": 375.0,
      "submit_error_code": "UPLOAD_BUSY",
      "transport_error": null,
      "final_status": null,
      "outcome": null,
      "end_to_end_ms": null,
      "poll_error": null
    },
    {
      "index": 9,
      "submit_status": 429,
      "submit_ms": 375.0,
      "submit_error_code": "UPLOAD_BUSY",
      "transport_error": null,
      "final_status": null,
      "outcome": null,
      "end_to_end_ms": null,
      "poll_error": null
    },
    {
      "index": 10,
      "submit_status": 429,
      "submit_ms": 344.0,
      "submit_error_code": "UPLOAD_BUSY",
      "transport_error": null,
      "final_status": null,
      "outcome": null,
      "end_to_end_ms": null,
      "poll_error": null
    },
    {
      "index": 11,
      "submit_status": 429,
      "submit_ms": 344.0,
      "submit_error_code": "UPLOAD_BUSY",
      "transport_error": null,
      "final_status": null,
      "outcome": null,
      "end_to_end_ms": null,
      "poll_error": null
    },
    {
      "index": 12,
      "submit_status": 429,
      "submit_ms": 359.0,
      "submit_error_code": "UPLOAD_BUSY",
      "transport_error": null,
      "final_status": null,
      "outcome": null,
      "end_to_end_ms": null,
      "poll_error": null
    },
    {
      "index": 13,
      "submit_status": 429,
      "submit_ms": 359.0,
      "submit_error_code": "UPLOAD_BUSY",
      "transport_error": null,
      "final_status": null,
      "outcome": null,
      "end_to_end_ms": null,
      "poll_error": null
    },
    {
      "index": 14,
      "submit_status": 429,
      "submit_ms": 359.0,
      "submit_error_code": "UPLOAD_BUSY",
      "transport_error": null,
      "final_status": null,
      "outcome": null,
      "end_to_end_ms": null,
      "poll_error": null
    },
    {
      "index": 15,
      "submit_status": 429,
      "submit_ms": 375.0,
      "submit_error_code": "UPLOAD_BUSY",
      "transport_error": null,
      "final_status": null,
      "outcome": null,
      "end_to_end_ms": null,
      "poll_error": null
    },
    {
      "index": 16,
      "submit_status": 429,
      "submit_ms": 375.0,
      "submit_error_code": "UPLOAD_BUSY",
      "transport_error": null,
      "final_status": null,
      "outcome": null,
      "end_to_end_ms": null,
      "poll_error": null
    },
    {
      "index": 17,
      "submit_status": 429,
      "submit_ms": 375.0,
      "submit_error_code": "UPLOAD_BUSY",
      "transport_error": null,
      "final_status": null,
      "outcome": null,
      "end_to_end_ms": null,
      "poll_error": null
    },
    {
      "index": 18,
      "submit_status": 429,
      "submit_ms": 391.0,
      "submit_error_code": "UPLOAD_BUSY",
      "transport_error": null,
      "final_status": null,
      "outcome": null,
      "end_to_end_ms": null,
      "poll_error": null
    },
    {
      "index": 19,
      "submit_status": 429,
      "submit_ms": 375.0,
      "submit_error_code": "UPLOAD_BUSY",
      "transport_error": null,
      "final_status": null,
      "outcome": null,
      "end_to_end_ms": null,
      "poll_error": null
    },
    {
      "index": 20,
      "submit_status": 429,
      "submit_ms": 375.0,
      "submit_error_code": "UPLOAD_BUSY",
      "transport_error": null,
      "final_status": null,
      "outcome": null,
      "end_to_end_ms": null,
      "poll_error": null
    },
    {
      "index": 21,
      "submit_status": 429,
      "submit_ms": 344.0,
      "submit_error_code": "UPLOAD_BUSY",
      "transport_error": null,
      "final_status": null,
      "outcome": null,
      "end_to_end_ms": null,
      "poll_error": null
    },
    {
      "index": 22,
      "submit_status": 429,
      "submit_ms": 516.0,
      "submit_error_code": "UPLOAD_BUSY",
      "transport_error": null,
      "final_status": null,
      "outcome": null,
      "end_to_end_ms": null,
      "poll_error": null
    },
    {
      "index": 23,
      "submit_status": 429,
      "submit_ms": 391.0,
      "submit_error_code": "UPLOAD_BUSY",
      "transport_error": null,
      "final_status": null,
      "outcome": null,
      "end_to_end_ms": null,
      "poll_error": null
    },
    {
      "index": 24,
      "submit_status": 429,
      "submit_ms": 391.0,
      "submit_error_code": "UPLOAD_BUSY",
      "transport_error": null,
      "final_status": null,
      "outcome": null,
      "end_to_end_ms": null,
      "poll_error": null
    },
    {
      "index": 25,
      "submit_status": 429,
      "submit_ms": 391.0,
      "submit_error_code": "UPLOAD_BUSY",
      "transport_error": null,
      "final_status": null,
      "outcome": null,
      "end_to_end_ms": null,
      "poll_error": null
    },
    {
      "index": 26,
      "submit_status": 429,
      "submit_ms": 391.0,
      "submit_error_code": "UPLOAD_BUSY",
      "transport_error": null,
      "final_status": null,
      "outcome": null,
      "end_to_end_ms": null,
      "poll_error": null
    },
    {
      "index": 27,
      "submit_status": 429,
      "submit_ms": 391.0,
      "submit_error_code": "UPLOAD_BUSY",
      "transport_error": null,
      "final_status": null,
      "outcome": null,
      "end_to_end_ms": null,
      "poll_error": null
    },
    {
      "index": 28,
      "submit_status": 429,
      "submit_ms": 391.0,
      "submit_error_code": "UPLOAD_BUSY",
      "transport_error": null,
      "final_status": null,
      "outcome": null,
      "end_to_end_ms": null,
      "poll_error": null
    },
    {
      "index": 29,
      "submit_status": 429,
      "submit_ms": 516.0,
      "submit_error_code": "UPLOAD_BUSY",
      "transport_error": null,
      "final_status": null,
      "outcome": null,
      "end_to_end_ms": null,
      "poll_error": null
    },
    {
      "index": 30,
      "submit_status": 429,
      "submit_ms": 531.0,
      "submit_error_code": "UPLOAD_BUSY",
      "transport_error": null,
      "final_status": null,
      "outcome": null,
      "end_to_end_ms": null,
      "poll_error": null
    },
    {
      "index": 31,
      "submit_status": 429,
      "submit_ms": 531.0,
      "submit_error_code": "UPLOAD_BUSY",
      "transport_error": null,
      "final_status": null,
      "outcome": null,
      "end_to_end_ms": null,
      "poll_error": null
    },
    {
      "index": 32,
      "submit_status": 429,
      "submit_ms": 406.0,
      "submit_error_code": "UPLOAD_BUSY",
      "transport_error": null,
      "final_status": null,
      "outcome": null,
      "end_to_end_ms": null,
      "poll_error": null
    },
    {
      "index": 33,
      "submit_status": 429,
      "submit_ms": 406.0,
      "submit_error_code": "UPLOAD_BUSY",
      "transport_error": null,
      "final_status": null,
      "outcome": null,
      "end_to_end_ms": null,
      "poll_error": null
    },
    {
      "index": 34,
      "submit_status": 429,
      "submit_ms": 406.0,
      "submit_error_code": "UPLOAD_BUSY",
      "transport_error": null,
      "final_status": null,
      "outcome": null,
      "end_to_end_ms": null,
      "poll_error": null
    },
    {
      "index": 35,
      "submit_status": 429,
      "submit_ms": 406.0,
      "submit_error_code": "UPLOAD_BUSY",
      "transport_error": null,
      "final_status": null,
      "outcome": null,
      "end_to_end_ms": null,
      "poll_error": null
    },
    {
      "index": 36,
      "submit_status": 429,
      "submit_ms": 406.0,
      "submit_error_code": "UPLOAD_BUSY",
      "transport_error": null,
      "final_status": null,
      "outcome": null,
      "end_to_end_ms": null,
      "poll_error": null
    },
    {
      "index": 37,
      "submit_status": 429,
      "submit_ms": 406.0,
      "submit_error_code": "UPLOAD_BUSY",
      "transport_error": null,
      "final_status": null,
      "outcome": null,
      "end_to_end_ms": null,
      "poll_error": null
    },
    {
      "index": 38,
      "submit_status": 429,
      "submit_ms": 406.0,
      "submit_error_code": "UPLOAD_BUSY",
      "transport_error": null,
      "final_status": null,
      "outcome": null,
      "end_to_end_ms": null,
      "poll_error": null
    },
    {
      "index": 39,
      "submit_status": 429,
      "submit_ms": 406.0,
      "submit_error_code": "UPLOAD_BUSY",
      "transport_error": null,
      "final_status": null,
      "outcome": null,
      "end_to_end_ms": null,
      "poll_error": null
    },
    {
      "index": 40,
      "submit_status": 429,
      "submit_ms": 406.0,
      "submit_error_code": "UPLOAD_BUSY",
      "transport_error": null,
      "final_status": null,
      "outcome": null,
      "end_to_end_ms": null,
      "poll_error": null
    },
    {
      "index": 41,
      "submit_status": 429,
      "submit_ms": 406.0,
      "submit_error_code": "UPLOAD_BUSY",
      "transport_error": null,
      "final_status": null,
      "outcome": null,
      "end_to_end_ms": null,
      "poll_error": null
    },
    {
      "index": 42,
      "submit_status": 429,
      "submit_ms": 422.0,
      "submit_error_code": "UPLOAD_BUSY",
      "transport_error": null,
      "final_status": null,
      "outcome": null,
      "end_to_end_ms": null,
      "poll_error": null
    },
    {
      "index": 43,
      "submit_status": 429,
      "submit_ms": 422.0,
      "submit_error_code": "UPLOAD_BUSY",
      "transport_error": null,
      "final_status": null,
      "outcome": null,
      "end_to_end_ms": null,
      "poll_error": null
    },
    {
      "index": 44,
      "submit_status": 429,
      "submit_ms": 422.0,
      "submit_error_code": "UPLOAD_BUSY",
      "transport_error": null,
      "final_status": null,
      "outcome": null,
      "end_to_end_ms": null,
      "poll_error": null
    },
    {
      "index": 45,
      "submit_status": 429,
      "submit_ms": 422.0,
      "submit_error_code": "UPLOAD_BUSY",
      "transport_error": null,
      "final_status": null,
      "outcome": null,
      "end_to_end_ms": null,
      "poll_error": null
    },
    {
      "index": 46,
      "submit_status": 429,
      "submit_ms": 422.0,
      "submit_error_code": "UPLOAD_BUSY",
      "transport_error": null,
      "final_status": null,
      "outcome": null,
      "end_to_end_ms": null,
      "poll_error": null
    },
    {
      "index": 47,
      "submit_status": 429,
      "submit_ms": 438.0,
      "submit_error_code": "UPLOAD_BUSY",
      "transport_error": null,
      "final_status": null,
      "outcome": null,
      "end_to_end_ms": null,
      "poll_error": null
    },
    {
      "index": 48,
      "submit_status": 429,
      "submit_ms": 438.0,
      "submit_error_code": "UPLOAD_BUSY",
      "transport_error": null,
      "final_status": null,
      "outcome": null,
      "end_to_end_ms": null,
      "poll_error": null
    },
    {
      "index": 49,
      "submit_status": 429,
      "submit_ms": 438.0,
      "submit_error_code": "UPLOAD_BUSY",
      "transport_error": null,
      "final_status": null,
      "outcome": null,
      "end_to_end_ms": null,
      "poll_error": null
    },
    {
      "index": 50,
      "submit_status": 429,
      "submit_ms": 438.0,
      "submit_error_code": "UPLOAD_BUSY",
      "transport_error": null,
      "final_status": null,
      "outcome": null,
      "end_to_end_ms": null,
      "poll_error": null
    },
    {
      "index": 51,
      "submit_status": 429,
      "submit_ms": 438.0,
      "submit_error_code": "UPLOAD_BUSY",
      "transport_error": null,
      "final_status": null,
      "outcome": null,
      "end_to_end_ms": null,
      "poll_error": null
    },
    {
      "index": 52,
      "submit_status": 429,
      "submit_ms": 438.0,
      "submit_error_code": "UPLOAD_BUSY",
      "transport_error": null,
      "final_status": null,
      "outcome": null,
      "end_to_end_ms": null,
      "poll_error": null
    },
    {
      "index": 53,
      "submit_status": 429,
      "submit_ms": 438.0,
      "submit_error_code": "UPLOAD_BUSY",
      "transport_error": null,
      "final_status": null,
      "outcome": null,
      "end_to_end_ms": null,
      "poll_error": null
    },
    {
      "index": 54,
      "submit_status": 429,
      "submit_ms": 438.0,
      "submit_error_code": "UPLOAD_BUSY",
      "transport_error": null,
      "final_status": null,
      "outcome": null,
      "end_to_end_ms": null,
      "poll_error": null
    },
    {
      "index": 55,
      "submit_status": 429,
      "submit_ms": 453.0,
      "submit_error_code": "UPLOAD_BUSY",
      "transport_error": null,
      "final_status": null,
      "outcome": null,
      "end_to_end_ms": null,
      "poll_error": null
    },
    {
      "index": 56,
      "submit_status": 429,
      "submit_ms": 453.0,
      "submit_error_code": "UPLOAD_BUSY",
      "transport_error": null,
      "final_status": null,
      "outcome": null,
      "end_to_end_ms": null,
      "poll_error": null
    },
    {
      "index": 57,
      "submit_status": 429,
      "submit_ms": 453.0,
      "submit_error_code": "UPLOAD_BUSY",
      "transport_error": null,
      "final_status": null,
      "outcome": null,
      "end_to_end_ms": null,
      "poll_error": null
    },
    {
      "index": 58,
      "submit_status": 429,
      "submit_ms": 453.0,
      "submit_error_code": "UPLOAD_BUSY",
      "transport_error": null,
      "final_status": null,
      "outcome": null,
      "end_to_end_ms": null,
      "poll_error": null
    },
    {
      "index": 59,
      "submit_status": 429,
      "submit_ms": 375.0,
      "submit_error_code": "UPLOAD_BUSY",
      "transport_error": null,
      "final_status": null,
      "outcome": null,
      "end_to_end_ms": null,
      "poll_error": null
    },
    {
      "index": 60,
      "submit_status": 429,
      "submit_ms": 375.0,
      "submit_error_code": "UPLOAD_BUSY",
      "transport_error": null,
      "final_status": null,
      "outcome": null,
      "end_to_end_ms": null,
      "poll_error": null
    },
    {
      "index": 61,
      "submit_status": 429,
      "submit_ms": 484.0,
      "submit_error_code": "UPLOAD_BUSY",
      "transport_error": null,
      "final_status": null,
      "outcome": null,
      "end_to_end_ms": null,
      "poll_error": null
    },
    {
      "index": 62,
      "submit_status": 429,
      "submit_ms": 469.0,
      "submit_error_code": "UPLOAD_BUSY",
      "transport_error": null,
      "final_status": null,
      "outcome": null,
      "end_to_end_ms": null,
      "poll_error": null
    },
    {
      "index": 63,
      "submit_status": 429,
      "submit_ms": 469.0,
      "submit_error_code": "UPLOAD_BUSY",
      "transport_error": null,
      "final_status": null,
      "outcome": null,
      "end_to_end_ms": null,
      "poll_error": null
    },
    {
      "index": 64,
      "submit_status": 429,
      "submit_ms": 469.0,
      "submit_error_code": "UPLOAD_BUSY",
      "transport_error": null,
      "final_status": null,
      "outcome": null,
      "end_to_end_ms": null,
      "poll_error": null
    },
    {
      "index": 65,
      "submit_status": 429,
      "submit_ms": 469.0,
      "submit_error_code": "UPLOAD_BUSY",
      "transport_error": null,
      "final_status": null,
      "outcome": null,
      "end_to_end_ms": null,
      "poll_error": null
    },
    {
      "index": 66,
      "submit_status": 429,
      "submit_ms": 469.0,
      "submit_error_code": "UPLOAD_BUSY",
      "transport_error": null,
      "final_status": null,
      "outcome": null,
      "end_to_end_ms": null,
      "poll_error": null
    },
    {
      "index": 67,
      "submit_status": 429,
      "submit_ms": 469.0,
      "submit_error_code": "UPLOAD_BUSY",
      "transport_error": null,
      "final_status": null,
      "outcome": null,
      "end_to_end_ms": null,
      "poll_error": null
    },
    {
      "index": 68,
      "submit_status": 429,
      "submit_ms": 484.0,
      "submit_error_code": "UPLOAD_BUSY",
      "transport_error": null,
      "final_status": null,
      "outcome": null,
      "end_to_end_ms": null,
      "poll_error": null
    },
    {
      "index": 69,
      "submit_status": 429,
      "submit_ms": 484.0,
      "submit_error_code": "UPLOAD_BUSY",
      "transport_error": null,
      "final_status": null,
      "outcome": null,
      "end_to_end_ms": null,
      "poll_error": null
    },
    {
      "index": 70,
      "submit_status": 429,
      "submit_ms": 563.0,
      "submit_error_code": "UPLOAD_BUSY",
      "transport_error": null,
      "final_status": null,
      "outcome": null,
      "end_to_end_ms": null,
      "poll_error": null
    },
    {
      "index": 71,
      "submit_status": 429,
      "submit_ms": 484.0,
      "submit_error_code": "UPLOAD_BUSY",
      "transport_error": null,
      "final_status": null,
      "outcome": null,
      "end_to_end_ms": null,
      "poll_error": null
    },
    {
      "index": 72,
      "submit_status": 429,
      "submit_ms": 484.0,
      "submit_error_code": "UPLOAD_BUSY",
      "transport_error": null,
      "final_status": null,
      "outcome": null,
      "end_to_end_ms": null,
      "poll_error": null
    },
    {
      "index": 73,
      "submit_status": 429,
      "submit_ms": 500.0,
      "submit_error_code": "UPLOAD_BUSY",
      "transport_error": null,
      "final_status": null,
      "outcome": null,
      "end_to_end_ms": null,
      "poll_error": null
    },
    {
      "index": 74,
      "submit_status": 429,
      "submit_ms": 500.0,
      "submit_error_code": "UPLOAD_BUSY",
      "transport_error": null,
      "final_status": null,
      "outcome": null,
      "end_to_end_ms": null,
      "poll_error": null
    },
    {
      "index": 75,
      "submit_status": 429,
      "submit_ms": 500.0,
      "submit_error_code": "UPLOAD_BUSY",
      "transport_error": null,
      "final_status": null,
      "outcome": null,
      "end_to_end_ms": null,
      "poll_error": null
    },
    {
      "index": 76,
      "submit_status": 429,
      "submit_ms": 500.0,
      "submit_error_code": "UPLOAD_BUSY",
      "transport_error": null,
      "final_status": null,
      "outcome": null,
      "end_to_end_ms": null,
      "poll_error": null
    },
    {
      "index": 77,
      "submit_status": 429,
      "submit_ms": 500.0,
      "submit_error_code": "UPLOAD_BUSY",
      "transport_error": null,
      "final_status": null,
      "outcome": null,
      "end_to_end_ms": null,
      "poll_error": null
    },
    {
      "index": 78,
      "submit_status": 429,
      "submit_ms": 531.0,
      "submit_error_code": "UPLOAD_BUSY",
      "transport_error": null,
      "final_status": null,
      "outcome": null,
      "end_to_end_ms": null,
      "poll_error": null
    },
    {
      "index": 79,
      "submit_status": 429,
      "submit_ms": 531.0,
      "submit_error_code": "UPLOAD_BUSY",
      "transport_error": null,
      "final_status": null,
      "outcome": null,
      "end_to_end_ms": null,
      "poll_error": null
    },
    {
      "index": 80,
      "submit_status": 429,
      "submit_ms": 531.0,
      "submit_error_code": "UPLOAD_BUSY",
      "transport_error": null,
      "final_status": null,
      "outcome": null,
      "end_to_end_ms": null,
      "poll_error": null
    },
    {
      "index": 81,
      "submit_status": 429,
      "submit_ms": 531.0,
      "submit_error_code": "UPLOAD_BUSY",
      "transport_error": null,
      "final_status": null,
      "outcome": null,
      "end_to_end_ms": null,
      "poll_error": null
    },
    {
      "index": 82,
      "submit_status": 429,
      "submit_ms": 547.0,
      "submit_error_code": "UPLOAD_BUSY",
      "transport_error": null,
      "final_status": null,
      "outcome": null,
      "end_to_end_ms": null,
      "poll_error": null
    },
    {
      "index": 83,
      "submit_status": 429,
      "submit_ms": 547.0,
      "submit_error_code": "UPLOAD_BUSY",
      "transport_error": null,
      "final_status": null,
      "outcome": null,
      "end_to_end_ms": null,
      "poll_error": null
    },
    {
      "index": 84,
      "submit_status": 429,
      "submit_ms": 547.0,
      "submit_error_code": "UPLOAD_BUSY",
      "transport_error": null,
      "final_status": null,
      "outcome": null,
      "end_to_end_ms": null,
      "poll_error": null
    },
    {
      "index": 85,
      "submit_status": 429,
      "submit_ms": 547.0,
      "submit_error_code": "UPLOAD_BUSY",
      "transport_error": null,
      "final_status": null,
      "outcome": null,
      "end_to_end_ms": null,
      "poll_error": null
    },
    {
      "index": 86,
      "submit_status": 429,
      "submit_ms": 563.0,
      "submit_error_code": "UPLOAD_BUSY",
      "transport_error": null,
      "final_status": null,
      "outcome": null,
      "end_to_end_ms": null,
      "poll_error": null
    },
    {
      "index": 87,
      "submit_status": 429,
      "submit_ms": 547.0,
      "submit_error_code": "UPLOAD_BUSY",
      "transport_error": null,
      "final_status": null,
      "outcome": null,
      "end_to_end_ms": null,
      "poll_error": null
    },
    {
      "index": 88,
      "submit_status": 429,
      "submit_ms": 547.0,
      "submit_error_code": "UPLOAD_BUSY",
      "transport_error": null,
      "final_status": null,
      "outcome": null,
      "end_to_end_ms": null,
      "poll_error": null
    },
    {
      "index": 89,
      "submit_status": 429,
      "submit_ms": 547.0,
      "submit_error_code": "UPLOAD_BUSY",
      "transport_error": null,
      "final_status": null,
      "outcome": null,
      "end_to_end_ms": null,
      "poll_error": null
    },
    {
      "index": 90,
      "submit_status": 429,
      "submit_ms": 547.0,
      "submit_error_code": "UPLOAD_BUSY",
      "transport_error": null,
      "final_status": null,
      "outcome": null,
      "end_to_end_ms": null,
      "poll_error": null
    },
    {
      "index": 91,
      "submit_status": 429,
      "submit_ms": 547.0,
      "submit_error_code": "UPLOAD_BUSY",
      "transport_error": null,
      "final_status": null,
      "outcome": null,
      "end_to_end_ms": null,
      "poll_error": null
    },
    {
      "index": 92,
      "submit_status": 429,
      "submit_ms": 547.0,
      "submit_error_code": "UPLOAD_BUSY",
      "transport_error": null,
      "final_status": null,
      "outcome": null,
      "end_to_end_ms": null,
      "poll_error": null
    },
    {
      "index": 93,
      "submit_status": 429,
      "submit_ms": 562.0,
      "submit_error_code": "UPLOAD_BUSY",
      "transport_error": null,
      "final_status": null,
      "outcome": null,
      "end_to_end_ms": null,
      "poll_error": null
    },
    {
      "index": 94,
      "submit_status": 429,
      "submit_ms": 562.0,
      "submit_error_code": "UPLOAD_BUSY",
      "transport_error": null,
      "final_status": null,
      "outcome": null,
      "end_to_end_ms": null,
      "poll_error": null
    },
    {
      "index": 95,
      "submit_status": 429,
      "submit_ms": 593.0,
      "submit_error_code": "UPLOAD_BUSY",
      "transport_error": null,
      "final_status": null,
      "outcome": null,
      "end_to_end_ms": null,
      "poll_error": null
    },
    {
      "index": 96,
      "submit_status": 429,
      "submit_ms": 562.0,
      "submit_error_code": "UPLOAD_BUSY",
      "transport_error": null,
      "final_status": null,
      "outcome": null,
      "end_to_end_ms": null,
      "poll_error": null
    },
    {
      "index": 97,
      "submit_status": 429,
      "submit_ms": 562.0,
      "submit_error_code": "UPLOAD_BUSY",
      "transport_error": null,
      "final_status": null,
      "outcome": null,
      "end_to_end_ms": null,
      "poll_error": null
    },
    {
      "index": 98,
      "submit_status": 429,
      "submit_ms": 578.0,
      "submit_error_code": "UPLOAD_BUSY",
      "transport_error": null,
      "final_status": null,
      "outcome": null,
      "end_to_end_ms": null,
      "poll_error": null
    },
    {
      "index": 99,
      "submit_status": 429,
      "submit_ms": 578.0,
      "submit_error_code": "UPLOAD_BUSY",
      "transport_error": null,
      "final_status": null,
      "outcome": null,
      "end_to_end_ms": null,
      "poll_error": null
    }
  ]
}
